s:\itmo\secondsemester\computergraphic\1_lab\1_lab\debug\vc143.pdb
s:\itmo\secondsemester\computergraphic\1_lab\1_lab\debug\vc143.idb
s:\itmo\secondsemester\computergraphic\1_lab\1_lab\debug\trianglecomponent.obj
s:\itmo\secondsemester\computergraphic\1_lab\1_lab\debug\gamecomponents.obj
s:\itmo\secondsemester\computergraphic\1_lab\1_lab\debug\startmain.obj
s:\itmo\secondsemester\computergraphic\1_lab\1_lab\debug\game.obj
s:\itmo\secondsemester\computergraphic\1_lab\1_lab\debug\display.obj
s:\itmo\secondsemester\computergraphic\1_lab\1_lab\debug\cubecomponent.obj
s:\itmo\secondsemester\computergraphic\1_lab\debug\1_lab.pdb
s:\itmo\secondsemester\computergraphic\1_lab\1_lab\debug\1_lab.tlog\cl.command.1.tlog
s:\itmo\secondsemester\computergraphic\1_lab\1_lab\debug\1_lab.tlog\cl.read.1.tlog
s:\itmo\secondsemester\computergraphic\1_lab\1_lab\debug\1_lab.tlog\cl.write.1.tlog
s:\itmo\secondsemester\computergraphic\1_lab\1_lab\debug\1_lab.tlog\link-cvtres.read.1.tlog
s:\itmo\secondsemester\computergraphic\1_lab\1_lab\debug\1_lab.tlog\link-cvtres.write.1.tlog
s:\itmo\secondsemester\computergraphic\1_lab\1_lab\debug\1_lab.tlog\link-rc.read.1.tlog
s:\itmo\secondsemester\computergraphic\1_lab\1_lab\debug\1_lab.tlog\link-rc.write.1.tlog
s:\itmo\secondsemester\computergraphic\1_lab\1_lab\debug\1_lab.tlog\link.command.1.tlog
s:\itmo\secondsemester\computergraphic\1_lab\1_lab\debug\1_lab.tlog\link.read.1.tlog
s:\itmo\secondsemester\computergraphic\1_lab\1_lab\debug\1_lab.tlog\link.read.2.tlog
s:\itmo\secondsemester\computergraphic\1_lab\1_lab\debug\1_lab.tlog\link.read.3.tlog
s:\itmo\secondsemester\computergraphic\1_lab\1_lab\debug\1_lab.tlog\link.write.1.tlog
